---
namespace: Compile
expectation: Pass
outputs:
  - warnings: ""
    output:
      - initial_input_ast: 31328c147e6bd03afc7ae3611332b408f605b56416363b73f603c8035c601395
    initial_ast: 7f0fef0753723a803a47c275be57fdf960bbf6e5d3683f86ab593ed4b1ef6349
    unrolled_ast: 7f0fef0753723a803a47c275be57fdf960bbf6e5d3683f86ab593ed4b1ef6349
    ssa_ast: 81573fbb9b726887f7b09d2c09ed5f55919b5d611d6474c2c558e633da14656f
