---
namespace: Compile
expectation: Pass
outputs:
  - warnings: ""
    output:
      - initial_input_ast: d7efb950b283e8043cb74d699f193749324f2fb6714df5fde527c348f849a179
    initial_ast: 3c4c8b83883cb5eddce9517ff14019f6c6cc6febc6665c68f9c81c9f0b258b3c
    unrolled_ast: 3c4c8b83883cb5eddce9517ff14019f6c6cc6febc6665c68f9c81c9f0b258b3c
    ssa_ast: 6ded6b7f235aba8f94823a70c697438ad00658ca160283965387ed3ac43a7b2a
