---
namespace: Parse
expectation: Pass
outputs:
  - name: ""
    network: ""
    expected_input: []
    imports: {}
    circuits: {}
    functions:
      "{\"name\":\"test\",\"span\":\"{\\\"lo\\\":94,\\\"hi\\\":98}\"}":
        annotations:
          - identifier: "{\"name\":\"test\",\"span\":\"{\\\"lo\\\":79,\\\"hi\\\":83}\"}"
            span:
              lo: 78
              hi: 83
        identifier: "{\"name\":\"test\",\"span\":\"{\\\"lo\\\":94,\\\"hi\\\":98}\"}"
        input: []
        output: U8
        core_mapping: ~
        block:
          statements: []
          span:
            lo: 107
            hi: 109
        span:
          lo: 85
          hi: 109
