---
namespace: Compile
expectation: Pass
outputs:
  - warnings: ""
    output:
      - initial_input_ast: no input
    initial_ast: 623cfe35df012619fa00536d8ad12180373c7e84697272e3afd72c9a83638f8d
    unrolled_ast: 623cfe35df012619fa00536d8ad12180373c7e84697272e3afd72c9a83638f8d
    ssa_ast: 07ace1061f1a4cb4b5081805005170065fb9f5fb0fc8785df231ceffa1c7aa30
