---
namespace: Compile
expectation: Fail
outputs:
  - "Error [ETYC0372027]: Loop body contains a return statement or always returns.\n    --> compiler-test:5:5\n     |\n   5 |     for i: u32 in 0u32..9u32 {\n   6 |         return false;\n   7 |     }\n     |     ^\n     |\n     = Remove the code in the loop body that always returns.\nError [ETYC0372027]: Loop body contains a return statement or always returns.\n    --> compiler-test:9:5\n     |\n   9 |     for i: u32 in 0u32..9u32 {\n  10 |         if (x == 0u32) {\n  11 |             return false;\n  12 |         } else {\n  13 |             return true;\n  14 |         }\n  15 |     }\n     |     ^\n     |\n     = Remove the code in the loop body that always returns.\nWarning [WTYC0372001]: The function `main` is never called.\n    --> compiler-test:3:1\n     |\n   3 | function main(x: u32) -> bool {\n   4 | \n   5 |     for i: u32 in 0u32..9u32 {\n   6 |         return false;\n   7 |     }\n   8 | \n   9 |     for i: u32 in 0u32..9u32 {\n  10 |         if (x == 0u32) {\n  11 |             return false;\n  12 |         } else {\n  13 |             return true;\n  14 |         }\n  15 |     }\n  16 | \n  17 |     return x == 1u32;\n  18 | }\n     | ^"
