---
namespace: Compile
expectation: Pass
outputs:
  - warnings: ""
    output:
      - initial_input_ast: bee0ac11572ec7d1596f2f6d9546aa9248f6acf6158024d52609197a1cbfc9c2
    initial_ast: a5ff9d82240a4f2105dabc0184926aa8c447e40b5eb2e9f04138db414018e9da
    unrolled_ast: a5ff9d82240a4f2105dabc0184926aa8c447e40b5eb2e9f04138db414018e9da
    ssa_ast: cbc29b1dd052acadfdfc5f67be1fa1e0d8c92cc7c30ce7b0cf6860a5f209da4d
