---
namespace: Compile
expectation: Pass
outputs:
  - warnings: ""
    output:
      - initial_input_ast: ac0c2de3a07425cef70289738cb02ee787068eed6528578ee4bc5e20621f8663
      - initial_input_ast: d2bc34fd913a14a074682a42c6ed533c6015b696108e2b7ac5bf84002dd1229c
    initial_ast: f0c463a29dce388a55dfcb0fc2567ab58a55b7a9162afc8cb3778e18dc7807bc
    unrolled_ast: f0c463a29dce388a55dfcb0fc2567ab58a55b7a9162afc8cb3778e18dc7807bc
    ssa_ast: f5a067dbb6e80ade83bcac3e13b269d32eac8fdf22dc745b0873e959bb039081
