---
namespace: Compile
expectation: Pass
outputs:
  - warnings: ""
    output:
      - initial_input_ast: a3bd5093b4313caed55adf7f2c48933aea2065feceac6593ee5c9f3131fcfe23
      - initial_input_ast: f39ba22bd83e3d40966b19253af60542e9969952ea960dac14fcd99a28c6881a
    initial_ast: cdd60e33863eac4c14bbe387ef8f6d81f31dad55c5efb451f1acf48935393ed7
    unrolled_ast: cdd60e33863eac4c14bbe387ef8f6d81f31dad55c5efb451f1acf48935393ed7
    ssa_ast: a89056be4a85c7a21b83f0722c9f433554ddfb78966a3f7a59e1b9f74b751bec
