---
namespace: Compile
expectation: Fail
outputs:
  - "Error [ETYC0372031]: A helper function must have inputs.\n    --> compiler-test:3:1\n     |\n   3 | function main() -> i64 {\n   4 |     let a: i64 = -9223372036854775807i64;\n   5 |     let b: i64 = a - 1i64;\n   6 | \n   7 |     return -b; // This line attempts to return 9223372036854775808i64 however, the largest i64 value is 9223372036854775807i64.\n   8 | }\n     | ^\n     |\n     = Consider adding inputs to the function or using an inlined function.\n"
