---
namespace: Compile
expectation: Pass
outputs:
  - warnings: ""
    output:
      - initial_input_ast: 495d0ddc7dc8b10d4fe2e33cd69e8f600e97dbe8b62c70dddddac82a859199fb
    initial_ast: 82b265b3b6b26acfa5f16150f43b1bc2dae2fd4ef434266badad70d117b1794d
    unrolled_ast: 82b265b3b6b26acfa5f16150f43b1bc2dae2fd4ef434266badad70d117b1794d
    ssa_ast: 305d7a9cb5d5837a25ffabda1340da49482aff210a162caff3bd48da1f6b9107
