---
namespace: Compile
expectation: Pass
outputs:
  - warnings: ""
    output:
      - initial_input_ast: 21450ea2d3ba27a57383c5547860e5cd9d9624d4315f5232e8200ae725f20cd1
    initial_ast: 3653e9a5dfd8fe40481a43e67de9f967bf7d55399d18d651cd0e59e6a56fcd9f
    unrolled_ast: 3653e9a5dfd8fe40481a43e67de9f967bf7d55399d18d651cd0e59e6a56fcd9f
    ssa_ast: 74d9229b9f51006907ae6e9ecee063da024219fb88c5092433186222e6a28526
