---
namespace: Compile
expectation: Pass
outputs:
  - warnings: ""
    output:
      - initial_input_ast: 43992721d507407a33d10f3afff1a090bb2ec0471e95e575f24cefc1fc7bf2ff
    initial_ast: cd6f620d1b50c366e79eaa9b4a80bd9ce6060239cb2ae5c2eb241b8206e52f01
    unrolled_ast: cd6f620d1b50c366e79eaa9b4a80bd9ce6060239cb2ae5c2eb241b8206e52f01
    ssa_ast: 460516746a59780de3935221797c236a7bad2e475a8078a30a809403c67836ae
