---
namespace: Compile
expectation: Pass
outputs:
  - warnings: ""
    output:
      - initial_input_ast: 4e49ec4d638b46ab5f86cdc3a490f0a9074ed71065bfe39e4c3400fa7e7d729b
    initial_ast: 5c908cccc882ecbbad37075cc0465ca4f0a763dce7eea0b7ced8a08a14a76625
    unrolled_ast: 5c908cccc882ecbbad37075cc0465ca4f0a763dce7eea0b7ced8a08a14a76625
    ssa_ast: 54a37948b809a1b944d66f4e957516e1118dea873566a349b2d325ed4ab38d1e
