---
namespace: Compile
expectation: Pass
outputs:
  - warnings: ""
    output:
      - initial_input_ast: e57e2971deec32a3b718fd4acc86c7d71fc2acbdba6c81f28c2a510b3fa64947
    initial_ast: 9e22181fd8a7f44bbfdf14d53931b898e4e23ea71e2f4e5e08e940e1d08266ad
    unrolled_ast: 9e22181fd8a7f44bbfdf14d53931b898e4e23ea71e2f4e5e08e940e1d08266ad
    ssa_ast: ecc44779f0e378827fc700f42864b8017fc932673db541c979b3c240c395ea4a
