---
namespace: Compile
expectation: Pass
outputs:
  - warnings: ""
    output:
      - initial_input_ast: 8c4833854e62c3d51519f2858909f9c64e9864a11f55a82c8f7e7f6bd02fa823
    initial_ast: 1bfe154177b57895427ce62c48b2718b809fa4817227261494540e9741769ee2
    unrolled_ast: 1bfe154177b57895427ce62c48b2718b809fa4817227261494540e9741769ee2
    ssa_ast: 2459f9241452986a1affcaecdf641d628829be2f30e59911be6b496d6303a5e7
