---
namespace: Compile
expectation: Fail
outputs:
  - "Error [ETYC0372003]: Expected type `boolean` but type `u64` was found\n    --> compiler-test:4:31\n     |\n   4 |     let t: (bool, bool) = (a, 1u64); // We should be declaring to a boolean, not a u64.\n     |                               ^^^^\nWarning [WTYC0372001]: The function `main` is never called.\n    --> compiler-test:3:1\n     |\n   3 | function main(a: bool, b: bool) -> (bool, bool) {\n   4 |     let t: (bool, bool) = (a, 1u64); // We should be declaring to a boolean, not a u64.\n   5 | \n   6 |     return (t.0, t.1);\n   7 | }\n     | ^"
