---
namespace: Compile
expectation: Fail
outputs:
  - "Error [ETYC0372033]: Recursive function calls are not allowed.\n     |\n     = Remove the recursive call.\n"
