---
namespace: Compile
expectation: Pass
outputs:
  - warnings: ""
    output:
      - initial_input_ast: 87e6dc2898485d1368912cbad53acab9ee04a612dd34d7b30ddd0c59290d5dd4
    initial_ast: 5dc8db4f6e89192a7961889c59df5abec68f65708b43ca506e338a5382e53d1b
    unrolled_ast: 5dc8db4f6e89192a7961889c59df5abec68f65708b43ca506e338a5382e53d1b
    ssa_ast: b41b2940aa7c732211bf2bcfbb00b12cb15ad4dd035c934df07172f3d64c0349
