---
namespace: Compile
expectation: Pass
outputs:
  - warnings: ""
    output:
      - initial_input_ast: 0f4e515cb3d9f6790d37e6a11184ed7d072396c0fcee1013719af1168df6b73d
    initial_ast: 1667da31168ecadada6b08ee76796f3f9893ee7755d5872c08b5f8462d4481ae
    unrolled_ast: 1667da31168ecadada6b08ee76796f3f9893ee7755d5872c08b5f8462d4481ae
    ssa_ast: 9dce5d85d1165bc5bc86e3320f36fc7865ed555184baa8b0f8b852eb70c49fb7
