---
namespace: Compile
expectation: Pass
outputs:
  - warnings: ""
    output:
      - initial_input_ast: 3c16fa794f6851696c06fbe6d7801f794cea51a1f382a37f48af2304795671ff
      - initial_input_ast: e9cc8a1730f4606eb90ea0a382b059cf7ed7325f27281c6f9be7d7b8bf3132f1
    initial_ast: ce8214373c89c1df31ae6bec598eb8b625719b9f86ce2f4ad4650c3fc77cb74e
    unrolled_ast: ce8214373c89c1df31ae6bec598eb8b625719b9f86ce2f4ad4650c3fc77cb74e
    ssa_ast: 708ee5dd1e13d5825f73c5e608ea92795fecbdc71ed3bbd22d53f8f0c082476e
