---
namespace: Compile
expectation: Pass
outputs:
  - warnings: ""
    output:
      - initial_input_ast: 7223f540c91cd639cc122936a41fc896f821e2d57c9f6f086eb4d555dc9c9217
    initial_ast: 4c089e5cf54b0e179bd9ad45c61b42eaa7e2b3e01731e7687751bc7028f560db
    unrolled_ast: 4c089e5cf54b0e179bd9ad45c61b42eaa7e2b3e01731e7687751bc7028f560db
    ssa_ast: 8afe8c4445e1896b5588a2d7da3864859feb1ca605bfa3db268c838193141bb5
