---
namespace: Compile
expectation: Pass
outputs:
  - warnings: ""
    output:
      - initial_input_ast: e7f79b5056ddc163ce256bf7a04eb1a906e7603abd21f940890c5138c74ecd27
    initial_ast: e4810ac737afe750f188d08413eaf347c3ccfb2003d5649af5801bc76c341c81
    unrolled_ast: e4810ac737afe750f188d08413eaf347c3ccfb2003d5649af5801bc76c341c81
    ssa_ast: 8fa77b1ba6e516d45dca5d73b76d7aa9eba7e070699bd858f3a6eeec98ad8c7e
