---
namespace: Compile
expectation: Pass
outputs:
  - warnings: ""
    output:
      - initial_input_ast: 42d3d2a95ecf42808533fc38c7765957dd86f6d84679e6db05141f14078d1723
    initial_ast: a835c5cdf987d342c5fe92633a62939a513b7135acb8b0a7caafd369b3f197ff
    unrolled_ast: a835c5cdf987d342c5fe92633a62939a513b7135acb8b0a7caafd369b3f197ff
    ssa_ast: 646087bb3a3332f84128e3f123ddadad7861447132e3060feeca1cd039b34cab
