---
namespace: Compile
expectation: Fail
outputs:
  - "Error [ETYC0372032]: A helper function must have inputs.\n    --> compiler-test:3:1\n     |\n   3 | function main() -> i128 {\n   4 |     let a: i128 = -170141183460469231731687303715884105727i128;\n   5 |     let b: i128 = a - 1i128;\n   6 | \n   7 |     return -b; // This line attempts to return 170141183460469231731687303715884105728i128 however, the largest i128 value is 170141183460469231731687303715884105727i128.\n   8 | }\n     | ^\n     |\n     = Consider adding inputs to the function or using an inlined function.\n"
