---
namespace: Compile
expectation: Pass
outputs:
  - warnings: ""
    output:
      - initial_input_ast: 965a2a9889ffac2b94872375270953221ad1785aed55c8bc139b4bc70a7230cb
    initial_ast: 3cd446aae811bbf6a80eff63e9ae5bba2bd8a4cc08f7b250afa12e2c2637c3e3
    unrolled_ast: 3cd446aae811bbf6a80eff63e9ae5bba2bd8a4cc08f7b250afa12e2c2637c3e3
    ssa_ast: e8b9096109012c3222d4931de7a20fbc1a8e96ae39ff8640c96290aeef8f017b
