---
namespace: Compile
expectation: Pass
outputs:
  - warnings: ""
    output:
      - initial_input_ast: 040a06927355054fb98cc4471807f0daceba0c3f7376346478ed5909f762d544
    initial_ast: 0e48db625068428e083768893e93394cdf4943770fdc82b86120b08a99e4291f
    unrolled_ast: 0e48db625068428e083768893e93394cdf4943770fdc82b86120b08a99e4291f
    ssa_ast: f92919b819d71b21881ad1a45b2b7d20a36e63bce0a4fa0cd83fe0eec82f8626
