---
namespace: Compile
expectation: Pass
outputs:
  - warnings: ""
    output:
      - initial_input_ast: 11d5b5abd778f1484f09184ee0ef5d3473fb0fa2dca971a5af3b8bd72ba66bc2
    initial_ast: 51d8759fda76401e8dcab37c3ffff64658e456264a1d2073832fca53241d2e6b
    unrolled_ast: 51d8759fda76401e8dcab37c3ffff64658e456264a1d2073832fca53241d2e6b
    ssa_ast: d89fcce4a26503df2a9bd5d8b5e0f00e3ca62c233aa6ebaa2706cff40bf077cb
