---
namespace: Compile
expectation: Pass
outputs:
  - warnings: ""
    output:
      - initial_input_ast: d7efb950b283e8043cb74d699f193749324f2fb6714df5fde527c348f849a179
    initial_ast: a66b95f0966ce55f389d324873197f32a2bcd381f0567dc63536bc6f3d55ab8c
    unrolled_ast: a66b95f0966ce55f389d324873197f32a2bcd381f0567dc63536bc6f3d55ab8c
    ssa_ast: 8d5ebd3477213f47c97d9a20ca9f475006bf55a203cbc4b56ac06bf1894734a8
