---
namespace: Compile
expectation: Pass
outputs:
  - warnings: ""
    output:
      - initial_input_ast: 8825dc0753febadfd6b526c47a0e5464912bc358708bd30ddf40e1d21cd76c2b
    initial_ast: e5846bc69af8a32b386fbef0277d74fffedcf7d45a0c6affe9ff2c82d8b73172
    unrolled_ast: e5846bc69af8a32b386fbef0277d74fffedcf7d45a0c6affe9ff2c82d8b73172
    ssa_ast: 10b1677ecc1f88d46dde2cdadc2c3b030f47222831df972a41c6b5398a36dadc
