---
namespace: Compile
expectation: Pass
outputs:
  - warnings: ""
    output:
      - initial_input_ast: cf09f86b83f8dec2770e6b1cd39446d53df852c7b4672b13541e9affdef43f41
    initial_ast: 73dd178b16471fd0e5e8cbb57071957eed7907d688d667de7b0bc3b51429954c
    unrolled_ast: 73dd178b16471fd0e5e8cbb57071957eed7907d688d667de7b0bc3b51429954c
    ssa_ast: 670d73ddbb01b13cb40bfed17fbc5988f291e712023803a8e793f80d67325e6f
