---
namespace: Compile
expectation: Pass
outputs:
  - warnings: ""
    output:
      - initial_input_ast: dbabe8825eb53f7a6acc13e2aa1a0c635edfe3522d4490446228420311d63d6e
      - initial_input_ast: 905e1f378b79d4ac0a1f19fa596dbf187954537ea9104ce8b7225913c9c8ae83
    initial_ast: a67a9195ace42c38e242bac0ad8ae65fdba67f0289f82b19ccfc6aafd848a136
    unrolled_ast: a67a9195ace42c38e242bac0ad8ae65fdba67f0289f82b19ccfc6aafd848a136
    ssa_ast: 16a3b982e24d5fdb58238e2added53ca174e529bbaf8f951ed1545fa9f659739
