---
namespace: Compile
expectation: Pass
outputs:
  - warnings: ""
    output:
      - initial_input_ast: no input
    initial_ast: 4c637fb7e270cb1c2900e34ef3549cac9664134e2db7990f1dd97a190058ee46
    unrolled_ast: 4c637fb7e270cb1c2900e34ef3549cac9664134e2db7990f1dd97a190058ee46
    ssa_ast: d8b9408ad73947d117399df11443f10a764cbd2d7deadb3661f45a8c6c27e3ea
