---
namespace: Compile
expectation: Pass
outputs:
  - warnings: ""
    output:
      - initial_input_ast: d7efb950b283e8043cb74d699f193749324f2fb6714df5fde527c348f849a179
    initial_ast: db3369fbc15d20ef7d16625dfd3a4304c911e1b7865516f776c16de83d42fe60
    unrolled_ast: db3369fbc15d20ef7d16625dfd3a4304c911e1b7865516f776c16de83d42fe60
    ssa_ast: 675ee8d8b919d90c1e9626965c6f129a0f49709d6535286218ddb708f742aa7f
