---
namespace: Compile
expectation: Pass
outputs:
  - warnings: ""
    output:
      - initial_input_ast: b4483ea97ae93b05ca67ce2eb626c795b43deb35efbac286bbed4aca4b560861
    initial_ast: cdb84bd1d2f30bac644af0ee9fc6576486d6aa51dbed06b04441bc9a1dfacbf9
    unrolled_ast: cdb84bd1d2f30bac644af0ee9fc6576486d6aa51dbed06b04441bc9a1dfacbf9
    ssa_ast: b1a8eb500469bc7a2dd6f3a6bacbaf41d7c69dba997bc909c4c11f18382f5d16
