---
namespace: Compile
expectation: Pass
outputs:
  - warnings: ""
    output:
      - initial_input_ast: c82b4b7f26a3647900a1669a09055618ad25db71a06ad82171f22d66bad41351
    initial_ast: 5e0a90e585de125ee9b2ca43ec70a662c71f8ad3f7ba714aa7d22a32311ab5a2
    unrolled_ast: 5e0a90e585de125ee9b2ca43ec70a662c71f8ad3f7ba714aa7d22a32311ab5a2
    ssa_ast: d252f893f7fc80a06b6afccaa5fa47eb8b8ef5e4b3d01f2cd5cf22f3fb5349b4
