---
namespace: Compile
expectation: Pass
outputs:
  - warnings: ""
    output:
      - initial_input_ast: 74e68f198fb6601a32edfc83b03ec053289234a8bf1223bb8be08c1c793de420
      - initial_input_ast: 4ae6aaeb5d347247c9171908ba7c7bf7f93e6857cdb8743da9f97426ee3714d9
    initial_ast: 03c7c6ce7771e5a78486f2a321364fa9f5a3bf1179bd84233748ac316f8d9a99
    unrolled_ast: 03c7c6ce7771e5a78486f2a321364fa9f5a3bf1179bd84233748ac316f8d9a99
    ssa_ast: f1108b448c93b60fb9b7b80ca157054223906cc119eefe2115163f5331096ef5
