---
namespace: Compile
expectation: Pass
outputs:
  - warnings: ""
    output:
      - initial_input_ast: 208c954a311fbf4f94ac71f3db9ee760367facb18d96d4a23b6d5a708932fc2e
    initial_ast: 57e623b028fd738f3f13720f34cb50dc1f386496fcd0986d76b4a6f76e3e5755
    unrolled_ast: 57e623b028fd738f3f13720f34cb50dc1f386496fcd0986d76b4a6f76e3e5755
    ssa_ast: 4607b797da96bda0448be0c5a96b49e376b86709c30ce59386fd000130c3e4e8
